json: cannot unmarshal array into Go struct field K8sItem.metadata of type endpoints.K8sObjectMeta
