{
  "kind": "List",
  "apiVersion": "v1",
  "metadata": {},
  "items": [
    {
      "kind": "Secret",
      "apiVersion": "v1",
      "metadata": {
        "name": "default-token-6q424",
        "namespace": "tekton-namespace",
        "resourceVersion": "27862"
      }
    },
    {
      "kind": "Secret",
      "apiVersion": "v1",
      "metadata": {
        "name": "kubeconfig-target-cluster",
        "namespace": "tekton-namespace",
        "labels": {
          "api.kubernetes.io/name": "secret"
        },
        "resourceVersion": "347402"
      }
    }
  ]
}